[aaai.org/conference/spring-symposia/sss24/index.html]
[backblue.gif]
[fade.gif]
[index.html]
[aaai.org/wp-content/plugins/genesis-blocks/dist/style-blocks.build9b70.css]
[aaai.org/wp-content/themes/genesis-sample/style5589.css]
[aaai.org/wp-includes/css/dist/block-library/style.min84fc.css]
[aaai.org/wp-content/plugins/cookie-law-info/legacy/public/css/cookie-law-info-public6173.css]
[aaai.org/wp-content/plugins/cookie-law-info/legacy/public/css/cookie-law-info-gdpr6173.css]
[aaai.org/wp-content/uploads/eb-style/reusable-blocks/eb-reusable-40900.min4774.css]
[aaai.org/wp-content/plugins/memberclicks-auth/public/css/memberclicks-auth-public91ee.css]
[aaai.org/wp-includes/css/dashicons.min84fc.css]
[aaai.org/wp-content/themes/genesis-sample/shift-styles5152.css]
[aaai.org/wp-content/themes/genesis-sample/lib/gutenberg/front-end5589.css]
[aaai.org/wp-content/plugins/simple-social-icons/css/style5b75.css]
[aaai.org/wp-content/plugins/ubermenu/pro/assets/css/ubermenu.min3621.css]
[aaai.org/wp-content/plugins/ubermenu/assets/css/skins/blackwhite84fc.css]
[aaai.org/wp-content/plugins/ubermenu/assets/fontawesome/css/all.min84fc.css]
[aaai.org/wp-includes/js/jquery/jquery.minf43b.js]
[aaai.org/wp-includes/js/jquery/jquery-migrate.min5589.js]
[aaai.org/wp-content/plugins/aaai/public/js/aaai-public8a54.js]
[aaai.org/wp-content/plugins/cookie-law-info/legacy/public/js/cookie-law-info-public6173.js]
[aaai.org/wp-content/plugins/memberclicks-auth/public/js/memberclicks-auth-public91ee.js]
[code.jquery.com/jquery-3.6.3.js]
[use.typekit.net/fpw2eej.css]
[cdn.jsdelivr.net/npm/bootstrap@5.3.0-alpha1/dist/css/bootstrap.min.css]
[aaai.org/wp-content/uploads/2022/12/cropped-white-logo-32x32.png]
[aaai.org/wp-content/uploads/2022/12/cropped-white-logo-192x192.png]
[aaai.org/wp-content/uploads/2022/12/cropped-white-logo-180x180.png]
[aaai.org/wp-content/uploads/2022/12/header-texture.png]
[aaai.org/wp-content/uploads/2022/12/chat-1.png]
[aaai.org/wp-content/uploads/2022/12/book-open-1.png]
[aaai.org/wp-content/uploads/2022/12/file-filled-1.png]
[aaai.org/wp-content/uploads/2022/12/user-square-1.png]
[aaai.org/wp-content/uploads/2024/03/AAAI-Logo-Title-White.png]
[aaai.org/wp-content/uploads/2023/03/aaai-icon_about-line-yellow.png]
[aaai.org/wp-content/uploads/2023/03/aaai-icon_ethics-diversity-line-yellow.png]
[aaai.org/wp-content/uploads/2023/03/aaai-icon_conferences-symposia-line-yellow.png]
[aaai.org/wp-content/uploads/2023/03/aaai-icon_publications-line-yellow.png]
[aaai.org/wp-content/uploads/2023/03/aaai-icon_ai-magazine-line-yellow.png]
[aaai.org/wp-content/uploads/2023/03/aaai-icon_membership-line-yellow.png]
[aaai.org/wp-content/uploads/2023/03/aaai-icon_career-line-yellow.png]
[aaai.org/wp-content/uploads/2023/03/aaai-icon_ai-topics-line-yellow.png]
[aaai.org/wp-content/uploads/2023/03/aaai-icon_contact-line-yellow.png]
[aaai.org/conference/spring-symposia/sss24/sss@aaai.org]
[aaai.org/wp-content/plugins/cookie-law-info/legacy/public/css/cookie-law-info-table6173.css]
[aaai.org/wp-content/plugins/cookie-law-info-controls/public/js/cookie-law-info-controls-public8a54.js]
[aaai.org/wp-content/plugins/genesis-blocks/dist/assets/js/dismiss9b70.js]
[aaai.org/wp-includes/js/hoverIntent.min3e5a.js]
[aaai.org/wp-content/themes/genesis/lib/js/menu/superfish.mina71a.js]
[aaai.org/wp-content/themes/genesis/lib/js/menu/superfish.args.min3b71.js]
[aaai.org/wp-content/themes/genesis/lib/js/skip-links.min3b71.js]
[aaai.org/wp-content/themes/genesis/lib/js/menu/responsive-menus.minc358.js]
[aaai.org/conference/spring-symposia/sss24/index.html]
[aaai.org/wp-content/plugins/genesis-blocks/dist/style-blocks.build9b70.css]
[aaai.org/wp-content/themes/genesis-sample/style5589.css]
[aaai.org/wp-includes/css/dist/block-library/style.min84fc.css]
[aaai.org/wp-content/plugins/aaai/public/css/aaai-public8a54.css]
[aaai.org/wp-content/plugins/cookie-law-info-controls/public/css/cookie-law-info-controls-public8a54.css]
[aaai.org/wp-content/plugins/cookie-law-info/legacy/public/css/cookie-law-info-public6173.css]
[aaai.org/wp-content/plugins/cookie-law-info/legacy/public/css/cookie-law-info-gdpr6173.css]
[aaai.org/wp-content/uploads/eb-style/reusable-blocks/eb-reusable-40900.min4774.css]
[aaai.org/wp-content/plugins/memberclicks-auth/public/css/memberclicks-auth-public91ee.css]
[aaai.org/wp-includes/css/dashicons.min84fc.css]
[aaai.org/wp-content/themes/genesis-sample/shift-styles5152.css]
[aaai.org/wp-content/themes/genesis-sample/lib/gutenberg/front-end5589.css]
[aaai.org/wp-content/plugins/simple-social-icons/css/style5b75.css]
[aaai.org/wp-content/plugins/ubermenu/pro/assets/css/ubermenu.min3621.css]
[aaai.org/wp-content/plugins/ubermenu/assets/css/skins/blackwhite84fc.css]
[aaai.org/wp-content/plugins/ubermenu/assets/fontawesome/css/all.min84fc.css]
[www.googletagmanager.com/gtm5445.html]
[aaai.org/wp-content/plugins/ubermenu/assets/js/ubermenu.min3621.js]
[use.typekit.net/af/6e9a94/00000000000000007735ee18/30/le003]
[use.typekit.net/af/6e9a94/00000000000000007735ee18/30/de003]
[use.typekit.net/af/6e9a94/00000000000000007735ee18/30/ae003]
[use.typekit.net/af/5ffd1a/00000000000000007735ee1a/30/laf99]
[use.typekit.net/af/5ffd1a/00000000000000007735ee1a/30/daf99]
[use.typekit.net/af/5ffd1a/00000000000000007735ee1a/30/aaf99]
[use.typekit.net/af/afc8e2/00000000000000007735ee1b/30/l5bba]
[use.typekit.net/af/afc8e2/00000000000000007735ee1b/30/d5bba]
[use.typekit.net/af/afc8e2/00000000000000007735ee1b/30/a5bba]
[use.typekit.net/af/5fce99/00000000000000007735ee1c/30/l1f8b]
[use.typekit.net/af/5fce99/00000000000000007735ee1c/30/d1f8b]
[use.typekit.net/af/5fce99/00000000000000007735ee1c/30/a1f8b]
[use.typekit.net/af/ecc700/00000000000000007735ee1d/30/l652f]
[use.typekit.net/af/ecc700/00000000000000007735ee1d/30/d652f]
[use.typekit.net/af/ecc700/00000000000000007735ee1d/30/a652f]
[use.typekit.net/af/662c05/00000000000000007735ee1e/30/le265]
[use.typekit.net/af/662c05/00000000000000007735ee1e/30/de265]
[use.typekit.net/fpw2eej.css]
[cdn.jsdelivr.net/npm/bootstrap@5.3.0-alpha1/dist/css/bootstrap.min.css]
[aaai.org/conference/spring-symposia/sss24/sss@aaai.html]
[use.typekit.net/af/662c05/00000000000000007735ee1e/30/ae265]
[aaai.org/wp-content/plugins/cookie-law-info/legacy/images/td_back.gif]
[aaai.org/wp-content/plugins/cookie-law-info/legacy/public/css/cookie-law-info-table6173.css]
[aaai.org/wp-content/plugins/essential-blocks/assets/js/eb-blocks-localize8603.js]
[p.typekit.net/p5532.css]
